<!doctype html public "-//w3c//dtd html 4.0 transitional//en">
<html><head>
<title>Static Call Graph - [.\Objects\cpp_libs_prj.axf]</title></head>
<body><HR>
<H1>Static Call Graph for image .\Objects\cpp_libs_prj.axf</H1><HR>
<BR><P>#&#060CALLGRAPH&#062# ARM Linker, 5060750: Last Updated: Tue Feb 05 11:14:46 2019
<BR><P>
<H3>Maximum Stack Usage =        120 bytes + Unknown(Functions without stacksize, Cycles, Untraceable Function Pointers)</H3><H3>
Call chain for Maximum Stack Depth:</H3>
__rt_entry_main &rArr; main &rArr; setup() &rArr; pinMode(Pin, PinMode) &rArr; setupAdc(Pin) &rArr; ADC_Init
<P>
<H3>
Functions with no stack information
</H3><UL>
 <LI><a href="#[2b]">__user_initial_stackheap</a>
</UL>
</UL>
<P>
<H3>
Mutually Recursive functions
</H3> <LI><a href="#[9]">NMI_Handler</a>&nbsp;&nbsp;&nbsp;&rArr;&nbsp;&nbsp;&nbsp;<a href="#[9]">NMI_Handler</a><BR>
 <LI><a href="#[a]">HardFault_Handler</a>&nbsp;&nbsp;&nbsp;&rArr;&nbsp;&nbsp;&nbsp;<a href="#[a]">HardFault_Handler</a><BR>
 <LI><a href="#[b]">MemManage_Handler</a>&nbsp;&nbsp;&nbsp;&rArr;&nbsp;&nbsp;&nbsp;<a href="#[b]">MemManage_Handler</a><BR>
 <LI><a href="#[c]">BusFault_Handler</a>&nbsp;&nbsp;&nbsp;&rArr;&nbsp;&nbsp;&nbsp;<a href="#[c]">BusFault_Handler</a><BR>
 <LI><a href="#[d]">UsageFault_Handler</a>&nbsp;&nbsp;&nbsp;&rArr;&nbsp;&nbsp;&nbsp;<a href="#[d]">UsageFault_Handler</a><BR>
 <LI><a href="#[e]">SVC_Handler</a>&nbsp;&nbsp;&nbsp;&rArr;&nbsp;&nbsp;&nbsp;<a href="#[e]">SVC_Handler</a><BR>
 <LI><a href="#[f]">DebugMon_Handler</a>&nbsp;&nbsp;&nbsp;&rArr;&nbsp;&nbsp;&nbsp;<a href="#[f]">DebugMon_Handler</a><BR>
 <LI><a href="#[10]">PendSV_Handler</a>&nbsp;&nbsp;&nbsp;&rArr;&nbsp;&nbsp;&nbsp;<a href="#[10]">PendSV_Handler</a><BR>
 <LI><a href="#[11]">SysTick_Handler</a>&nbsp;&nbsp;&nbsp;&rArr;&nbsp;&nbsp;&nbsp;<a href="#[11]">SysTick_Handler</a><BR>
 <LI><a href="#[1f]">ADC_IRQHandler</a>&nbsp;&nbsp;&nbsp;&rArr;&nbsp;&nbsp;&nbsp;<a href="#[1f]">ADC_IRQHandler</a><BR>
</UL>
<P>
<H3>
Function Pointers
</H3><UL>
 <LI><a href="#[1f]">ADC_IRQHandler</a> from startup_mdr32f9qx_1.o(.text) referenced from startup_mdr32f9qx_1.o(RESET)
 <LI><a href="#[22]">BACKUP_IRQHandler</a> from startup_mdr32f9qx_1.o(.text) referenced from startup_mdr32f9qx_1.o(RESET)
 <LI><a href="#[c]">BusFault_Handler</a> from startup_mdr32f9qx_1.o(.text) referenced from startup_mdr32f9qx_1.o(RESET)
 <LI><a href="#[12]">CAN1_IRQHandler</a> from startup_mdr32f9qx_1.o(.text) referenced from startup_mdr32f9qx_1.o(RESET)
 <LI><a href="#[13]">CAN2_IRQHandler</a> from startup_mdr32f9qx_1.o(.text) referenced from startup_mdr32f9qx_1.o(RESET)
 <LI><a href="#[20]">COMPARATOR_IRQHandler</a> from startup_mdr32f9qx_1.o(.text) referenced from startup_mdr32f9qx_1.o(RESET)
 <LI><a href="#[15]">DMA_IRQHandler</a> from startup_mdr32f9qx_1.o(.text) referenced from startup_mdr32f9qx_1.o(RESET)
 <LI><a href="#[f]">DebugMon_Handler</a> from startup_mdr32f9qx_1.o(.text) referenced from startup_mdr32f9qx_1.o(RESET)
 <LI><a href="#[23]">EXT_INT1_IRQHandler</a> from startup_mdr32f9qx_1.o(.text) referenced from startup_mdr32f9qx_1.o(RESET)
 <LI><a href="#[24]">EXT_INT2_IRQHandler</a> from startup_mdr32f9qx_1.o(.text) referenced from startup_mdr32f9qx_1.o(RESET)
 <LI><a href="#[25]">EXT_INT3_IRQHandler</a> from startup_mdr32f9qx_1.o(.text) referenced from startup_mdr32f9qx_1.o(RESET)
 <LI><a href="#[26]">EXT_INT4_IRQHandler</a> from startup_mdr32f9qx_1.o(.text) referenced from startup_mdr32f9qx_1.o(RESET)
 <LI><a href="#[a]">HardFault_Handler</a> from startup_mdr32f9qx_1.o(.text) referenced from startup_mdr32f9qx_1.o(RESET)
 <LI><a href="#[19]">I2C_IRQHandler</a> from startup_mdr32f9qx_1.o(.text) referenced from startup_mdr32f9qx_1.o(RESET)
 <LI><a href="#[b]">MemManage_Handler</a> from startup_mdr32f9qx_1.o(.text) referenced from startup_mdr32f9qx_1.o(RESET)
 <LI><a href="#[9]">NMI_Handler</a> from startup_mdr32f9qx_1.o(.text) referenced from startup_mdr32f9qx_1.o(RESET)
 <LI><a href="#[1a]">POWER_IRQHandler</a> from startup_mdr32f9qx_1.o(.text) referenced from startup_mdr32f9qx_1.o(RESET)
 <LI><a href="#[10]">PendSV_Handler</a> from startup_mdr32f9qx_1.o(.text) referenced from startup_mdr32f9qx_1.o(RESET)
 <LI><a href="#[29]">Reset_Handler</a> from startup_mdr32f9qx_1.o(.text) referenced from startup_mdr32f9qx_1.o(RESET)
 <LI><a href="#[18]">SSP1_IRQHandler</a> from startup_mdr32f9qx_1.o(.text) referenced from startup_mdr32f9qx_1.o(RESET)
 <LI><a href="#[21]">SSP2_IRQHandler</a> from startup_mdr32f9qx_1.o(.text) referenced from startup_mdr32f9qx_1.o(RESET)
 <LI><a href="#[e]">SVC_Handler</a> from startup_mdr32f9qx_1.o(.text) referenced from startup_mdr32f9qx_1.o(RESET)
 <LI><a href="#[11]">SysTick_Handler</a> from startup_mdr32f9qx_1.o(.text) referenced from startup_mdr32f9qx_1.o(RESET)
 <LI><a href="#[27]">SystemInit</a> from system_mdr32f9qx_1.o(i.SystemInit) referenced from startup_mdr32f9qx_1.o(.text)
 <LI><a href="#[1c]">Timer1_IRQHandler</a> from startup_mdr32f9qx_1.o(.text) referenced from startup_mdr32f9qx_1.o(RESET)
 <LI><a href="#[1d]">Timer2_IRQHandler</a> from startup_mdr32f9qx_1.o(.text) referenced from startup_mdr32f9qx_1.o(RESET)
 <LI><a href="#[1e]">Timer3_IRQHandler</a> from startup_mdr32f9qx_1.o(.text) referenced from startup_mdr32f9qx_1.o(RESET)
 <LI><a href="#[16]">UART1_IRQHandler</a> from startup_mdr32f9qx_1.o(.text) referenced from startup_mdr32f9qx_1.o(RESET)
 <LI><a href="#[17]">UART2_IRQHandler</a> from startup_mdr32f9qx_1.o(.text) referenced from startup_mdr32f9qx_1.o(RESET)
 <LI><a href="#[14]">USB_IRQHandler</a> from startup_mdr32f9qx_1.o(.text) referenced from startup_mdr32f9qx_1.o(RESET)
 <LI><a href="#[d]">UsageFault_Handler</a> from startup_mdr32f9qx_1.o(.text) referenced from startup_mdr32f9qx_1.o(RESET)
 <LI><a href="#[1b]">WWDG_IRQHandler</a> from startup_mdr32f9qx_1.o(.text) referenced from startup_mdr32f9qx_1.o(RESET)
 <LI><a href="#[2a]">__main</a> from __main.o(!!!main) referenced from startup_mdr32f9qx_1.o(.text)
</UL>
<P>
<H3>
Global Symbols
</H3>
<P><STRONG><a name="[2a]"></a>__main</STRONG> (Thumb, 8 bytes, Stack size 0 bytes, __main.o(!!!main))
<BR><BR>[Calls]<UL><LI><a href="#[2d]">&gt;&gt;</a>&nbsp;&nbsp;&nbsp;__rt_entry
<LI><a href="#[2c]">&gt;&gt;</a>&nbsp;&nbsp;&nbsp;__scatterload
</UL>

<P><STRONG><a name="[2c]"></a>__scatterload</STRONG> (Thumb, 0 bytes, Stack size unknown bytes, __scatter.o(!!!scatter))
<BR><BR>[Called By]<UL><LI><a href="#[2a]">&gt;&gt;</a>&nbsp;&nbsp;&nbsp;__main
</UL>

<P><STRONG><a name="[2e]"></a>__scatterload_rt2</STRONG> (Thumb, 44 bytes, Stack size unknown bytes, __scatter.o(!!!scatter), UNUSED)
<BR><BR>[Calls]<UL><LI><a href="#[2d]">&gt;&gt;</a>&nbsp;&nbsp;&nbsp;__rt_entry
</UL>

<P><STRONG><a name="[54]"></a>__scatterload_rt2_thumb_only</STRONG> (Thumb, 0 bytes, Stack size unknown bytes, __scatter.o(!!!scatter), UNUSED)

<P><STRONG><a name="[55]"></a>__scatterload_null</STRONG> (Thumb, 0 bytes, Stack size unknown bytes, __scatter.o(!!!scatter), UNUSED)

<P><STRONG><a name="[2f]"></a>__scatterload_copy</STRONG> (Thumb, 26 bytes, Stack size unknown bytes, __scatter_copy.o(!!handler_copy), UNUSED)
<BR><BR>[Calls]<UL><LI><a href="#[2f]">&gt;&gt;</a>&nbsp;&nbsp;&nbsp;__scatterload_copy
</UL>
<BR>[Called By]<UL><LI><a href="#[2f]">&gt;&gt;</a>&nbsp;&nbsp;&nbsp;__scatterload_copy
</UL>

<P><STRONG><a name="[56]"></a>__scatterload_zeroinit</STRONG> (Thumb, 28 bytes, Stack size unknown bytes, __scatter_zi.o(!!handler_zi), UNUSED)

<P><STRONG><a name="[33]"></a>__rt_lib_init</STRONG> (Thumb, 0 bytes, Stack size unknown bytes, libinit.o(.ARM.Collect$$libinit$$00000000))
<BR><BR>[Called By]<UL><LI><a href="#[32]">&gt;&gt;</a>&nbsp;&nbsp;&nbsp;__rt_entry_li
</UL>

<P><STRONG><a name="[57]"></a>__rt_lib_init_alloca_1</STRONG> (Thumb, 0 bytes, Stack size unknown bytes, libinit2.o(.ARM.Collect$$libinit$$0000002E))

<P><STRONG><a name="[58]"></a>__rt_lib_init_argv_1</STRONG> (Thumb, 0 bytes, Stack size unknown bytes, libinit2.o(.ARM.Collect$$libinit$$0000002C))

<P><STRONG><a name="[59]"></a>__rt_lib_init_atexit_1</STRONG> (Thumb, 0 bytes, Stack size unknown bytes, libinit2.o(.ARM.Collect$$libinit$$0000001B))

<P><STRONG><a name="[5a]"></a>__rt_lib_init_clock_1</STRONG> (Thumb, 0 bytes, Stack size unknown bytes, libinit2.o(.ARM.Collect$$libinit$$00000021))

<P><STRONG><a name="[5b]"></a>__rt_lib_init_cpp_1</STRONG> (Thumb, 0 bytes, Stack size unknown bytes, libinit2.o(.ARM.Collect$$libinit$$00000032))

<P><STRONG><a name="[5c]"></a>__rt_lib_init_exceptions_1</STRONG> (Thumb, 0 bytes, Stack size unknown bytes, libinit2.o(.ARM.Collect$$libinit$$00000030))

<P><STRONG><a name="[5d]"></a>__rt_lib_init_fp_1</STRONG> (Thumb, 0 bytes, Stack size unknown bytes, libinit2.o(.ARM.Collect$$libinit$$00000002))

<P><STRONG><a name="[5e]"></a>__rt_lib_init_fp_trap_1</STRONG> (Thumb, 0 bytes, Stack size unknown bytes, libinit2.o(.ARM.Collect$$libinit$$0000001F))

<P><STRONG><a name="[5f]"></a>__rt_lib_init_getenv_1</STRONG> (Thumb, 0 bytes, Stack size unknown bytes, libinit2.o(.ARM.Collect$$libinit$$00000023))

<P><STRONG><a name="[60]"></a>__rt_lib_init_heap_1</STRONG> (Thumb, 0 bytes, Stack size unknown bytes, libinit2.o(.ARM.Collect$$libinit$$0000000A))

<P><STRONG><a name="[61]"></a>__rt_lib_init_lc_collate_1</STRONG> (Thumb, 0 bytes, Stack size unknown bytes, libinit2.o(.ARM.Collect$$libinit$$00000011))

<P><STRONG><a name="[62]"></a>__rt_lib_init_lc_ctype_1</STRONG> (Thumb, 0 bytes, Stack size unknown bytes, libinit2.o(.ARM.Collect$$libinit$$00000013))

<P><STRONG><a name="[63]"></a>__rt_lib_init_lc_monetary_1</STRONG> (Thumb, 0 bytes, Stack size unknown bytes, libinit2.o(.ARM.Collect$$libinit$$00000015))

<P><STRONG><a name="[64]"></a>__rt_lib_init_lc_numeric_1</STRONG> (Thumb, 0 bytes, Stack size unknown bytes, libinit2.o(.ARM.Collect$$libinit$$00000017))

<P><STRONG><a name="[65]"></a>__rt_lib_init_lc_time_1</STRONG> (Thumb, 0 bytes, Stack size unknown bytes, libinit2.o(.ARM.Collect$$libinit$$00000019))

<P><STRONG><a name="[66]"></a>__rt_lib_init_preinit_1</STRONG> (Thumb, 0 bytes, Stack size unknown bytes, libinit2.o(.ARM.Collect$$libinit$$00000004))

<P><STRONG><a name="[67]"></a>__rt_lib_init_rand_1</STRONG> (Thumb, 0 bytes, Stack size unknown bytes, libinit2.o(.ARM.Collect$$libinit$$0000000E))

<P><STRONG><a name="[68]"></a>__rt_lib_init_return</STRONG> (Thumb, 0 bytes, Stack size unknown bytes, libinit2.o(.ARM.Collect$$libinit$$00000033))

<P><STRONG><a name="[69]"></a>__rt_lib_init_signal_1</STRONG> (Thumb, 0 bytes, Stack size unknown bytes, libinit2.o(.ARM.Collect$$libinit$$0000001D))

<P><STRONG><a name="[6a]"></a>__rt_lib_init_stdio_1</STRONG> (Thumb, 0 bytes, Stack size unknown bytes, libinit2.o(.ARM.Collect$$libinit$$00000025))

<P><STRONG><a name="[6b]"></a>__rt_lib_init_user_alloc_1</STRONG> (Thumb, 0 bytes, Stack size unknown bytes, libinit2.o(.ARM.Collect$$libinit$$0000000C))

<P><STRONG><a name="[38]"></a>__rt_lib_shutdown</STRONG> (Thumb, 0 bytes, Stack size unknown bytes, libshutdown.o(.ARM.Collect$$libshutdown$$00000000))
<BR><BR>[Called By]<UL><LI><a href="#[37]">&gt;&gt;</a>&nbsp;&nbsp;&nbsp;__rt_exit_ls
</UL>

<P><STRONG><a name="[6c]"></a>__rt_lib_shutdown_cpp_1</STRONG> (Thumb, 0 bytes, Stack size unknown bytes, libshutdown2.o(.ARM.Collect$$libshutdown$$00000002))

<P><STRONG><a name="[6d]"></a>__rt_lib_shutdown_fp_trap_1</STRONG> (Thumb, 0 bytes, Stack size unknown bytes, libshutdown2.o(.ARM.Collect$$libshutdown$$00000007))

<P><STRONG><a name="[6e]"></a>__rt_lib_shutdown_heap_1</STRONG> (Thumb, 0 bytes, Stack size unknown bytes, libshutdown2.o(.ARM.Collect$$libshutdown$$0000000F))

<P><STRONG><a name="[6f]"></a>__rt_lib_shutdown_return</STRONG> (Thumb, 0 bytes, Stack size unknown bytes, libshutdown2.o(.ARM.Collect$$libshutdown$$00000010))

<P><STRONG><a name="[70]"></a>__rt_lib_shutdown_signal_1</STRONG> (Thumb, 0 bytes, Stack size unknown bytes, libshutdown2.o(.ARM.Collect$$libshutdown$$0000000A))

<P><STRONG><a name="[71]"></a>__rt_lib_shutdown_stdio_1</STRONG> (Thumb, 0 bytes, Stack size unknown bytes, libshutdown2.o(.ARM.Collect$$libshutdown$$00000004))

<P><STRONG><a name="[72]"></a>__rt_lib_shutdown_user_alloc_1</STRONG> (Thumb, 0 bytes, Stack size unknown bytes, libshutdown2.o(.ARM.Collect$$libshutdown$$0000000C))

<P><STRONG><a name="[2d]"></a>__rt_entry</STRONG> (Thumb, 0 bytes, Stack size unknown bytes, __rtentry.o(.ARM.Collect$$rtentry$$00000000))
<BR><BR>[Called By]<UL><LI><a href="#[2a]">&gt;&gt;</a>&nbsp;&nbsp;&nbsp;__main
<LI><a href="#[2e]">&gt;&gt;</a>&nbsp;&nbsp;&nbsp;__scatterload_rt2
</UL>

<P><STRONG><a name="[73]"></a>__rt_entry_presh_1</STRONG> (Thumb, 0 bytes, Stack size unknown bytes, __rtentry2.o(.ARM.Collect$$rtentry$$00000002))

<P><STRONG><a name="[30]"></a>__rt_entry_sh</STRONG> (Thumb, 0 bytes, Stack size unknown bytes, __rtentry4.o(.ARM.Collect$$rtentry$$00000004))
<BR><BR>[Stack]<UL><LI>Max Depth = 8 + Unknown Stack Size
<LI>Call Chain = __rt_entry_sh &rArr; __user_setup_stackheap
</UL>
<BR>[Calls]<UL><LI><a href="#[31]">&gt;&gt;</a>&nbsp;&nbsp;&nbsp;__user_setup_stackheap
</UL>

<P><STRONG><a name="[32]"></a>__rt_entry_li</STRONG> (Thumb, 0 bytes, Stack size unknown bytes, __rtentry2.o(.ARM.Collect$$rtentry$$0000000A))
<BR><BR>[Calls]<UL><LI><a href="#[33]">&gt;&gt;</a>&nbsp;&nbsp;&nbsp;__rt_lib_init
</UL>

<P><STRONG><a name="[74]"></a>__rt_entry_postsh_1</STRONG> (Thumb, 0 bytes, Stack size unknown bytes, __rtentry2.o(.ARM.Collect$$rtentry$$00000009))

<P><STRONG><a name="[34]"></a>__rt_entry_main</STRONG> (Thumb, 0 bytes, Stack size unknown bytes, __rtentry2.o(.ARM.Collect$$rtentry$$0000000D))
<BR><BR>[Stack]<UL><LI>Max Depth = 120 + Unknown Stack Size
<LI>Call Chain = __rt_entry_main &rArr; main &rArr; setup() &rArr; pinMode(Pin, PinMode) &rArr; setupAdc(Pin) &rArr; ADC_Init
</UL>
<BR>[Calls]<UL><LI><a href="#[35]">&gt;&gt;</a>&nbsp;&nbsp;&nbsp;main
<LI><a href="#[36]">&gt;&gt;</a>&nbsp;&nbsp;&nbsp;exit
</UL>

<P><STRONG><a name="[75]"></a>__rt_entry_postli_1</STRONG> (Thumb, 0 bytes, Stack size unknown bytes, __rtentry2.o(.ARM.Collect$$rtentry$$0000000C))

<P><STRONG><a name="[3c]"></a>__rt_exit</STRONG> (Thumb, 0 bytes, Stack size unknown bytes, rtexit.o(.ARM.Collect$$rtexit$$00000000))
<BR><BR>[Called By]<UL><LI><a href="#[36]">&gt;&gt;</a>&nbsp;&nbsp;&nbsp;exit
</UL>

<P><STRONG><a name="[37]"></a>__rt_exit_ls</STRONG> (Thumb, 0 bytes, Stack size unknown bytes, rtexit2.o(.ARM.Collect$$rtexit$$00000003))
<BR><BR>[Calls]<UL><LI><a href="#[38]">&gt;&gt;</a>&nbsp;&nbsp;&nbsp;__rt_lib_shutdown
</UL>

<P><STRONG><a name="[76]"></a>__rt_exit_prels_1</STRONG> (Thumb, 0 bytes, Stack size unknown bytes, rtexit2.o(.ARM.Collect$$rtexit$$00000002))

<P><STRONG><a name="[39]"></a>__rt_exit_exit</STRONG> (Thumb, 0 bytes, Stack size unknown bytes, rtexit2.o(.ARM.Collect$$rtexit$$00000004))
<BR><BR>[Calls]<UL><LI><a href="#[3a]">&gt;&gt;</a>&nbsp;&nbsp;&nbsp;_sys_exit
</UL>

<P><STRONG><a name="[29]"></a>Reset_Handler</STRONG> (Thumb, 8 bytes, Stack size 0 bytes, startup_mdr32f9qx_1.o(.text))

<P><STRONG><a name="[9]"></a>NMI_Handler</STRONG> (Thumb, 2 bytes, Stack size 0 bytes, startup_mdr32f9qx_1.o(.text))
<BR><BR>[Calls]<UL><LI><a href="#[9]">&gt;&gt;</a>&nbsp;&nbsp;&nbsp;NMI_Handler
</UL>
<BR>[Called By]<UL><LI><a href="#[9]">&gt;&gt;</a>&nbsp;&nbsp;&nbsp;NMI_Handler
</UL>
<BR>[Address Reference Count : 1]<UL><LI> startup_mdr32f9qx_1.o(RESET)
</UL>
<P><STRONG><a name="[a]"></a>HardFault_Handler</STRONG> (Thumb, 2 bytes, Stack size 0 bytes, startup_mdr32f9qx_1.o(.text))
<BR><BR>[Calls]<UL><LI><a href="#[a]">&gt;&gt;</a>&nbsp;&nbsp;&nbsp;HardFault_Handler
</UL>
<BR>[Called By]<UL><LI><a href="#[a]">&gt;&gt;</a>&nbsp;&nbsp;&nbsp;HardFault_Handler
</UL>
<BR>[Address Reference Count : 1]<UL><LI> startup_mdr32f9qx_1.o(RESET)
</UL>
<P><STRONG><a name="[b]"></a>MemManage_Handler</STRONG> (Thumb, 2 bytes, Stack size 0 bytes, startup_mdr32f9qx_1.o(.text))
<BR><BR>[Calls]<UL><LI><a href="#[b]">&gt;&gt;</a>&nbsp;&nbsp;&nbsp;MemManage_Handler
</UL>
<BR>[Called By]<UL><LI><a href="#[b]">&gt;&gt;</a>&nbsp;&nbsp;&nbsp;MemManage_Handler
</UL>
<BR>[Address Reference Count : 1]<UL><LI> startup_mdr32f9qx_1.o(RESET)
</UL>
<P><STRONG><a name="[c]"></a>BusFault_Handler</STRONG> (Thumb, 2 bytes, Stack size 0 bytes, startup_mdr32f9qx_1.o(.text))
<BR><BR>[Calls]<UL><LI><a href="#[c]">&gt;&gt;</a>&nbsp;&nbsp;&nbsp;BusFault_Handler
</UL>
<BR>[Called By]<UL><LI><a href="#[c]">&gt;&gt;</a>&nbsp;&nbsp;&nbsp;BusFault_Handler
</UL>
<BR>[Address Reference Count : 1]<UL><LI> startup_mdr32f9qx_1.o(RESET)
</UL>
<P><STRONG><a name="[d]"></a>UsageFault_Handler</STRONG> (Thumb, 2 bytes, Stack size 0 bytes, startup_mdr32f9qx_1.o(.text))
<BR><BR>[Calls]<UL><LI><a href="#[d]">&gt;&gt;</a>&nbsp;&nbsp;&nbsp;UsageFault_Handler
</UL>
<BR>[Called By]<UL><LI><a href="#[d]">&gt;&gt;</a>&nbsp;&nbsp;&nbsp;UsageFault_Handler
</UL>
<BR>[Address Reference Count : 1]<UL><LI> startup_mdr32f9qx_1.o(RESET)
</UL>
<P><STRONG><a name="[e]"></a>SVC_Handler</STRONG> (Thumb, 2 bytes, Stack size 0 bytes, startup_mdr32f9qx_1.o(.text))
<BR><BR>[Calls]<UL><LI><a href="#[e]">&gt;&gt;</a>&nbsp;&nbsp;&nbsp;SVC_Handler
</UL>
<BR>[Called By]<UL><LI><a href="#[e]">&gt;&gt;</a>&nbsp;&nbsp;&nbsp;SVC_Handler
</UL>
<BR>[Address Reference Count : 1]<UL><LI> startup_mdr32f9qx_1.o(RESET)
</UL>
<P><STRONG><a name="[f]"></a>DebugMon_Handler</STRONG> (Thumb, 2 bytes, Stack size 0 bytes, startup_mdr32f9qx_1.o(.text))
<BR><BR>[Calls]<UL><LI><a href="#[f]">&gt;&gt;</a>&nbsp;&nbsp;&nbsp;DebugMon_Handler
</UL>
<BR>[Called By]<UL><LI><a href="#[f]">&gt;&gt;</a>&nbsp;&nbsp;&nbsp;DebugMon_Handler
</UL>
<BR>[Address Reference Count : 1]<UL><LI> startup_mdr32f9qx_1.o(RESET)
</UL>
<P><STRONG><a name="[10]"></a>PendSV_Handler</STRONG> (Thumb, 2 bytes, Stack size 0 bytes, startup_mdr32f9qx_1.o(.text))
<BR><BR>[Calls]<UL><LI><a href="#[10]">&gt;&gt;</a>&nbsp;&nbsp;&nbsp;PendSV_Handler
</UL>
<BR>[Called By]<UL><LI><a href="#[10]">&gt;&gt;</a>&nbsp;&nbsp;&nbsp;PendSV_Handler
</UL>
<BR>[Address Reference Count : 1]<UL><LI> startup_mdr32f9qx_1.o(RESET)
</UL>
<P><STRONG><a name="[11]"></a>SysTick_Handler</STRONG> (Thumb, 2 bytes, Stack size 0 bytes, startup_mdr32f9qx_1.o(.text))
<BR><BR>[Calls]<UL><LI><a href="#[11]">&gt;&gt;</a>&nbsp;&nbsp;&nbsp;SysTick_Handler
</UL>
<BR>[Called By]<UL><LI><a href="#[11]">&gt;&gt;</a>&nbsp;&nbsp;&nbsp;SysTick_Handler
</UL>
<BR>[Address Reference Count : 1]<UL><LI> startup_mdr32f9qx_1.o(RESET)
</UL>
<P><STRONG><a name="[1f]"></a>ADC_IRQHandler</STRONG> (Thumb, 0 bytes, Stack size 0 bytes, startup_mdr32f9qx_1.o(.text))
<BR><BR>[Calls]<UL><LI><a href="#[1f]">&gt;&gt;</a>&nbsp;&nbsp;&nbsp;ADC_IRQHandler
</UL>
<BR>[Called By]<UL><LI><a href="#[1f]">&gt;&gt;</a>&nbsp;&nbsp;&nbsp;ADC_IRQHandler
</UL>
<BR>[Address Reference Count : 1]<UL><LI> startup_mdr32f9qx_1.o(RESET)
</UL>
<P><STRONG><a name="[22]"></a>BACKUP_IRQHandler</STRONG> (Thumb, 0 bytes, Stack size 0 bytes, startup_mdr32f9qx_1.o(.text))
<BR>[Address Reference Count : 1]<UL><LI> startup_mdr32f9qx_1.o(RESET)
</UL>
<P><STRONG><a name="[12]"></a>CAN1_IRQHandler</STRONG> (Thumb, 0 bytes, Stack size 0 bytes, startup_mdr32f9qx_1.o(.text))
<BR>[Address Reference Count : 1]<UL><LI> startup_mdr32f9qx_1.o(RESET)
</UL>
<P><STRONG><a name="[13]"></a>CAN2_IRQHandler</STRONG> (Thumb, 0 bytes, Stack size 0 bytes, startup_mdr32f9qx_1.o(.text))
<BR>[Address Reference Count : 1]<UL><LI> startup_mdr32f9qx_1.o(RESET)
</UL>
<P><STRONG><a name="[20]"></a>COMPARATOR_IRQHandler</STRONG> (Thumb, 0 bytes, Stack size 0 bytes, startup_mdr32f9qx_1.o(.text))
<BR>[Address Reference Count : 1]<UL><LI> startup_mdr32f9qx_1.o(RESET)
</UL>
<P><STRONG><a name="[15]"></a>DMA_IRQHandler</STRONG> (Thumb, 0 bytes, Stack size 0 bytes, startup_mdr32f9qx_1.o(.text))
<BR>[Address Reference Count : 1]<UL><LI> startup_mdr32f9qx_1.o(RESET)
</UL>
<P><STRONG><a name="[23]"></a>EXT_INT1_IRQHandler</STRONG> (Thumb, 0 bytes, Stack size 0 bytes, startup_mdr32f9qx_1.o(.text))
<BR>[Address Reference Count : 1]<UL><LI> startup_mdr32f9qx_1.o(RESET)
</UL>
<P><STRONG><a name="[24]"></a>EXT_INT2_IRQHandler</STRONG> (Thumb, 0 bytes, Stack size 0 bytes, startup_mdr32f9qx_1.o(.text))
<BR>[Address Reference Count : 1]<UL><LI> startup_mdr32f9qx_1.o(RESET)
</UL>
<P><STRONG><a name="[25]"></a>EXT_INT3_IRQHandler</STRONG> (Thumb, 0 bytes, Stack size 0 bytes, startup_mdr32f9qx_1.o(.text))
<BR>[Address Reference Count : 1]<UL><LI> startup_mdr32f9qx_1.o(RESET)
</UL>
<P><STRONG><a name="[26]"></a>EXT_INT4_IRQHandler</STRONG> (Thumb, 0 bytes, Stack size 0 bytes, startup_mdr32f9qx_1.o(.text))
<BR>[Address Reference Count : 1]<UL><LI> startup_mdr32f9qx_1.o(RESET)
</UL>
<P><STRONG><a name="[19]"></a>I2C_IRQHandler</STRONG> (Thumb, 0 bytes, Stack size 0 bytes, startup_mdr32f9qx_1.o(.text))
<BR>[Address Reference Count : 1]<UL><LI> startup_mdr32f9qx_1.o(RESET)
</UL>
<P><STRONG><a name="[1a]"></a>POWER_IRQHandler</STRONG> (Thumb, 0 bytes, Stack size 0 bytes, startup_mdr32f9qx_1.o(.text))
<BR>[Address Reference Count : 1]<UL><LI> startup_mdr32f9qx_1.o(RESET)
</UL>
<P><STRONG><a name="[18]"></a>SSP1_IRQHandler</STRONG> (Thumb, 0 bytes, Stack size 0 bytes, startup_mdr32f9qx_1.o(.text))
<BR>[Address Reference Count : 1]<UL><LI> startup_mdr32f9qx_1.o(RESET)
</UL>
<P><STRONG><a name="[21]"></a>SSP2_IRQHandler</STRONG> (Thumb, 0 bytes, Stack size 0 bytes, startup_mdr32f9qx_1.o(.text))
<BR>[Address Reference Count : 1]<UL><LI> startup_mdr32f9qx_1.o(RESET)
</UL>
<P><STRONG><a name="[1c]"></a>Timer1_IRQHandler</STRONG> (Thumb, 0 bytes, Stack size 0 bytes, startup_mdr32f9qx_1.o(.text))
<BR>[Address Reference Count : 1]<UL><LI> startup_mdr32f9qx_1.o(RESET)
</UL>
<P><STRONG><a name="[1d]"></a>Timer2_IRQHandler</STRONG> (Thumb, 0 bytes, Stack size 0 bytes, startup_mdr32f9qx_1.o(.text))
<BR>[Address Reference Count : 1]<UL><LI> startup_mdr32f9qx_1.o(RESET)
</UL>
<P><STRONG><a name="[1e]"></a>Timer3_IRQHandler</STRONG> (Thumb, 0 bytes, Stack size 0 bytes, startup_mdr32f9qx_1.o(.text))
<BR>[Address Reference Count : 1]<UL><LI> startup_mdr32f9qx_1.o(RESET)
</UL>
<P><STRONG><a name="[16]"></a>UART1_IRQHandler</STRONG> (Thumb, 0 bytes, Stack size 0 bytes, startup_mdr32f9qx_1.o(.text))
<BR>[Address Reference Count : 1]<UL><LI> startup_mdr32f9qx_1.o(RESET)
</UL>
<P><STRONG><a name="[17]"></a>UART2_IRQHandler</STRONG> (Thumb, 0 bytes, Stack size 0 bytes, startup_mdr32f9qx_1.o(.text))
<BR>[Address Reference Count : 1]<UL><LI> startup_mdr32f9qx_1.o(RESET)
</UL>
<P><STRONG><a name="[14]"></a>USB_IRQHandler</STRONG> (Thumb, 0 bytes, Stack size 0 bytes, startup_mdr32f9qx_1.o(.text))
<BR>[Address Reference Count : 1]<UL><LI> startup_mdr32f9qx_1.o(RESET)
</UL>
<P><STRONG><a name="[1b]"></a>WWDG_IRQHandler</STRONG> (Thumb, 0 bytes, Stack size 0 bytes, startup_mdr32f9qx_1.o(.text))
<BR>[Address Reference Count : 1]<UL><LI> startup_mdr32f9qx_1.o(RESET)
</UL>
<P><STRONG><a name="[2b]"></a>__user_initial_stackheap</STRONG> (Thumb, 0 bytes, Stack size unknown bytes, startup_mdr32f9qx_1.o(.text))
<BR><BR>[Called By]<UL><LI><a href="#[31]">&gt;&gt;</a>&nbsp;&nbsp;&nbsp;__user_setup_stackheap
</UL>

<P><STRONG><a name="[77]"></a>__use_two_region_memory</STRONG> (Thumb, 2 bytes, Stack size 0 bytes, heapauxi.o(.text), UNUSED)

<P><STRONG><a name="[1]"></a>__rt_heap_escrow</STRONG> (Thumb, 2 bytes, Stack size 0 bytes, heapauxi.o(.text), UNUSED)

<P><STRONG><a name="[0]"></a>__rt_heap_expand</STRONG> (Thumb, 2 bytes, Stack size 0 bytes, heapauxi.o(.text), UNUSED)

<P><STRONG><a name="[78]"></a>__user_libspace</STRONG> (Thumb, 8 bytes, Stack size 0 bytes, libspace.o(.text), UNUSED)

<P><STRONG><a name="[3b]"></a>__user_perproc_libspace</STRONG> (Thumb, 0 bytes, Stack size 0 bytes, libspace.o(.text))
<BR><BR>[Called By]<UL><LI><a href="#[31]">&gt;&gt;</a>&nbsp;&nbsp;&nbsp;__user_setup_stackheap
</UL>

<P><STRONG><a name="[79]"></a>__user_perthread_libspace</STRONG> (Thumb, 0 bytes, Stack size 0 bytes, libspace.o(.text), UNUSED)

<P><STRONG><a name="[7a]"></a>__I$use$semihosting</STRONG> (Thumb, 0 bytes, Stack size 0 bytes, use_no_semi.o(.text), UNUSED)

<P><STRONG><a name="[7b]"></a>__use_no_semihosting_swi</STRONG> (Thumb, 2 bytes, Stack size 0 bytes, use_no_semi.o(.text), UNUSED)

<P><STRONG><a name="[7c]"></a>__semihosting_library_function</STRONG> (Thumb, 0 bytes, Stack size 8 bytes, indicate_semi.o(.text), UNUSED)

<P><STRONG><a name="[31]"></a>__user_setup_stackheap</STRONG> (Thumb, 74 bytes, Stack size 8 bytes, sys_stackheap_outer.o(.text))
<BR><BR>[Stack]<UL><LI>Max Depth = 8 + Unknown Stack Size
<LI>Call Chain = __user_setup_stackheap
</UL>
<BR>[Calls]<UL><LI><a href="#[2b]">&gt;&gt;</a>&nbsp;&nbsp;&nbsp;__user_initial_stackheap
<LI><a href="#[3b]">&gt;&gt;</a>&nbsp;&nbsp;&nbsp;__user_perproc_libspace
</UL>
<BR>[Called By]<UL><LI><a href="#[30]">&gt;&gt;</a>&nbsp;&nbsp;&nbsp;__rt_entry_sh
</UL>

<P><STRONG><a name="[36]"></a>exit</STRONG> (Thumb, 18 bytes, Stack size 8 bytes, exit.o(.text))
<BR><BR>[Stack]<UL><LI>Max Depth = 8 + Unknown Stack Size
<LI>Call Chain = exit
</UL>
<BR>[Calls]<UL><LI><a href="#[3c]">&gt;&gt;</a>&nbsp;&nbsp;&nbsp;__rt_exit
</UL>
<BR>[Called By]<UL><LI><a href="#[34]">&gt;&gt;</a>&nbsp;&nbsp;&nbsp;__rt_entry_main
</UL>

<P><STRONG><a name="[3a]"></a>_sys_exit</STRONG> (Thumb, 8 bytes, Stack size 0 bytes, sys_exit.o(.text))
<BR><BR>[Called By]<UL><LI><a href="#[39]">&gt;&gt;</a>&nbsp;&nbsp;&nbsp;__rt_exit_exit
</UL>

<P><STRONG><a name="[4e]"></a>ADC1_Cmd</STRONG> (Thumb, 24 bytes, Stack size 0 bytes, mdr32f9qx_adc_1.o(i.ADC1_Cmd))
<BR><BR>[Called By]<UL><LI><a href="#[47]">&gt;&gt;</a>&nbsp;&nbsp;&nbsp;setupAdc(Pin)
</UL>

<P><STRONG><a name="[4d]"></a>ADC1_Init</STRONG> (Thumb, 84 bytes, Stack size 8 bytes, mdr32f9qx_adc_1.o(i.ADC1_Init))
<BR><BR>[Stack]<UL><LI>Max Depth = 8<LI>Call Chain = ADC1_Init
</UL>
<BR>[Called By]<UL><LI><a href="#[47]">&gt;&gt;</a>&nbsp;&nbsp;&nbsp;setupAdc(Pin)
</UL>

<P><STRONG><a name="[49]"></a>ADC_DeInit</STRONG> (Thumb, 38 bytes, Stack size 0 bytes, mdr32f9qx_adc_1.o(i.ADC_DeInit))
<BR><BR>[Called By]<UL><LI><a href="#[47]">&gt;&gt;</a>&nbsp;&nbsp;&nbsp;setupAdc(Pin)
</UL>

<P><STRONG><a name="[4b]"></a>ADC_Init</STRONG> (Thumb, 52 bytes, Stack size 8 bytes, mdr32f9qx_adc_1.o(i.ADC_Init))
<BR><BR>[Stack]<UL><LI>Max Depth = 8<LI>Call Chain = ADC_Init
</UL>
<BR>[Called By]<UL><LI><a href="#[47]">&gt;&gt;</a>&nbsp;&nbsp;&nbsp;setupAdc(Pin)
</UL>

<P><STRONG><a name="[4a]"></a>ADC_StructInit</STRONG> (Thumb, 18 bytes, Stack size 0 bytes, mdr32f9qx_adc_1.o(i.ADC_StructInit))
<BR><BR>[Called By]<UL><LI><a href="#[47]">&gt;&gt;</a>&nbsp;&nbsp;&nbsp;setupAdc(Pin)
</UL>

<P><STRONG><a name="[4c]"></a>ADCx_StructInit</STRONG> (Thumb, 28 bytes, Stack size 0 bytes, mdr32f9qx_adc_1.o(i.ADCx_StructInit))
<BR><BR>[Called By]<UL><LI><a href="#[47]">&gt;&gt;</a>&nbsp;&nbsp;&nbsp;setupAdc(Pin)
</UL>

<P><STRONG><a name="[51]"></a>DAC1_Cmd</STRONG> (Thumb, 24 bytes, Stack size 0 bytes, mdr32f9qx_dac_1.o(i.DAC1_Cmd))
<BR><BR>[Called By]<UL><LI><a href="#[48]">&gt;&gt;</a>&nbsp;&nbsp;&nbsp;setupDac(Pin)
</UL>

<P><STRONG><a name="[50]"></a>DAC1_Init</STRONG> (Thumb, 16 bytes, Stack size 0 bytes, mdr32f9qx_dac_1.o(i.DAC1_Init))
<BR><BR>[Called By]<UL><LI><a href="#[48]">&gt;&gt;</a>&nbsp;&nbsp;&nbsp;setupDac(Pin)
</UL>

<P><STRONG><a name="[53]"></a>DAC2_Cmd</STRONG> (Thumb, 24 bytes, Stack size 0 bytes, mdr32f9qx_dac_1.o(i.DAC2_Cmd))
<BR><BR>[Called By]<UL><LI><a href="#[48]">&gt;&gt;</a>&nbsp;&nbsp;&nbsp;setupDac(Pin)
</UL>

<P><STRONG><a name="[52]"></a>DAC2_Init</STRONG> (Thumb, 16 bytes, Stack size 0 bytes, mdr32f9qx_dac_1.o(i.DAC2_Init))
<BR><BR>[Called By]<UL><LI><a href="#[48]">&gt;&gt;</a>&nbsp;&nbsp;&nbsp;setupDac(Pin)
</UL>

<P><STRONG><a name="[4f]"></a>DAC_DeInit</STRONG> (Thumb, 12 bytes, Stack size 0 bytes, mdr32f9qx_dac_1.o(i.DAC_DeInit))
<BR><BR>[Called By]<UL><LI><a href="#[48]">&gt;&gt;</a>&nbsp;&nbsp;&nbsp;setupDac(Pin)
</UL>

<P><STRONG><a name="[41]"></a>PORT_Init</STRONG> (Thumb, 450 bytes, Stack size 48 bytes, mdr32f9qx_port_1.o(i.PORT_Init))
<BR><BR>[Stack]<UL><LI>Max Depth = 48<LI>Call Chain = PORT_Init
</UL>
<BR>[Called By]<UL><LI><a href="#[3e]">&gt;&gt;</a>&nbsp;&nbsp;&nbsp;setupPorts()
<LI><a href="#[46]">&gt;&gt;</a>&nbsp;&nbsp;&nbsp;pinMode(Pin, PinMode)
</UL>

<P><STRONG><a name="[40]"></a>PORT_StructInit</STRONG> (Thumb, 28 bytes, Stack size 0 bytes, mdr32f9qx_port_1.o(i.PORT_StructInit))
<BR><BR>[Called By]<UL><LI><a href="#[3e]">&gt;&gt;</a>&nbsp;&nbsp;&nbsp;setupPorts()
<LI><a href="#[46]">&gt;&gt;</a>&nbsp;&nbsp;&nbsp;pinMode(Pin, PinMode)
</UL>

<P><STRONG><a name="[43]"></a>PORT_WriteBit</STRONG> (Thumb, 40 bytes, Stack size 12 bytes, mdr32f9qx_port_1.o(i.PORT_WriteBit))
<BR><BR>[Stack]<UL><LI>Max Depth = 12<LI>Call Chain = PORT_WriteBit
</UL>
<BR>[Called By]<UL><LI><a href="#[42]">&gt;&gt;</a>&nbsp;&nbsp;&nbsp;digitalWrite(Pin, unsigned)
</UL>

<P><STRONG><a name="[3f]"></a>RST_CLK_PCLKcmd</STRONG> (Thumb, 26 bytes, Stack size 0 bytes, mdr32f9qx_rst_clk_1.o(i.RST_CLK_PCLKcmd))
<BR><BR>[Called By]<UL><LI><a href="#[3e]">&gt;&gt;</a>&nbsp;&nbsp;&nbsp;setupPorts()
<LI><a href="#[48]">&gt;&gt;</a>&nbsp;&nbsp;&nbsp;setupDac(Pin)
<LI><a href="#[47]">&gt;&gt;</a>&nbsp;&nbsp;&nbsp;setupAdc(Pin)
<LI><a href="#[46]">&gt;&gt;</a>&nbsp;&nbsp;&nbsp;pinMode(Pin, PinMode)
</UL>

<P><STRONG><a name="[3d]"></a>SystemCoreClockUpdate</STRONG> (Thumb, 130 bytes, Stack size 12 bytes, system_mdr32f9qx_1.o(i.SystemCoreClockUpdate))
<BR><BR>[Stack]<UL><LI>Max Depth = 12<LI>Call Chain = SystemCoreClockUpdate
</UL>
<BR>[Called By]<UL><LI><a href="#[27]">&gt;&gt;</a>&nbsp;&nbsp;&nbsp;SystemInit
</UL>

<P><STRONG><a name="[27]"></a>SystemInit</STRONG> (Thumb, 54 bytes, Stack size 4 bytes, system_mdr32f9qx_1.o(i.SystemInit))
<BR><BR>[Stack]<UL><LI>Max Depth = 16<LI>Call Chain = SystemInit &rArr; SystemCoreClockUpdate
</UL>
<BR>[Calls]<UL><LI><a href="#[3d]">&gt;&gt;</a>&nbsp;&nbsp;&nbsp;SystemCoreClockUpdate
</UL>
<BR>[Address Reference Count : 1]<UL><LI> startup_mdr32f9qx_1.o(.text)
</UL>
<P><STRONG><a name="[3e]"></a>setupPorts()</STRONG> (Thumb, 74 bytes, Stack size 16 bytes, main.o(i._Z10setupPortsv))
<BR><BR>[Stack]<UL><LI>Max Depth = 64<LI>Call Chain = setupPorts() &rArr; PORT_Init
</UL>
<BR>[Calls]<UL><LI><a href="#[3f]">&gt;&gt;</a>&nbsp;&nbsp;&nbsp;RST_CLK_PCLKcmd
<LI><a href="#[40]">&gt;&gt;</a>&nbsp;&nbsp;&nbsp;PORT_StructInit
<LI><a href="#[41]">&gt;&gt;</a>&nbsp;&nbsp;&nbsp;PORT_Init
</UL>
<BR>[Called By]<UL><LI><a href="#[35]">&gt;&gt;</a>&nbsp;&nbsp;&nbsp;main
</UL>

<P><STRONG><a name="[42]"></a>digitalWrite(Pin, unsigned)</STRONG> (Thumb, 30 bytes, Stack size 16 bytes, epio.o(i._Z12digitalWrite3Pinj))
<BR><BR>[Stack]<UL><LI>Max Depth = 28<LI>Call Chain = digitalWrite(Pin, unsigned) &rArr; PORT_WriteBit
</UL>
<BR>[Calls]<UL><LI><a href="#[43]">&gt;&gt;</a>&nbsp;&nbsp;&nbsp;PORT_WriteBit
</UL>
<BR>[Called By]<UL><LI><a href="#[44]">&gt;&gt;</a>&nbsp;&nbsp;&nbsp;loop()
</UL>

<P><STRONG><a name="[44]"></a>loop()</STRONG> (Thumb, 12 bytes, Stack size 8 bytes, test.o(i._Z4loopv))
<BR><BR>[Stack]<UL><LI>Max Depth = 36<LI>Call Chain = loop() &rArr; digitalWrite(Pin, unsigned) &rArr; PORT_WriteBit
</UL>
<BR>[Calls]<UL><LI><a href="#[42]">&gt;&gt;</a>&nbsp;&nbsp;&nbsp;digitalWrite(Pin, unsigned)
</UL>
<BR>[Called By]<UL><LI><a href="#[35]">&gt;&gt;</a>&nbsp;&nbsp;&nbsp;main
</UL>

<P><STRONG><a name="[45]"></a>setup()</STRONG> (Thumb, 12 bytes, Stack size 8 bytes, test.o(i._Z5setupv))
<BR><BR>[Stack]<UL><LI>Max Depth = 120<LI>Call Chain = setup() &rArr; pinMode(Pin, PinMode) &rArr; setupAdc(Pin) &rArr; ADC_Init
</UL>
<BR>[Calls]<UL><LI><a href="#[46]">&gt;&gt;</a>&nbsp;&nbsp;&nbsp;pinMode(Pin, PinMode)
</UL>
<BR>[Called By]<UL><LI><a href="#[35]">&gt;&gt;</a>&nbsp;&nbsp;&nbsp;main
</UL>

<P><STRONG><a name="[46]"></a>pinMode(Pin, PinMode)</STRONG> (Thumb, 302 bytes, Stack size 24 bytes, epio.o(i._Z7pinMode3Pin7PinMode))
<BR><BR>[Stack]<UL><LI>Max Depth = 112<LI>Call Chain = pinMode(Pin, PinMode) &rArr; setupAdc(Pin) &rArr; ADC_Init
</UL>
<BR>[Calls]<UL><LI><a href="#[3f]">&gt;&gt;</a>&nbsp;&nbsp;&nbsp;RST_CLK_PCLKcmd
<LI><a href="#[40]">&gt;&gt;</a>&nbsp;&nbsp;&nbsp;PORT_StructInit
<LI><a href="#[41]">&gt;&gt;</a>&nbsp;&nbsp;&nbsp;PORT_Init
<LI><a href="#[48]">&gt;&gt;</a>&nbsp;&nbsp;&nbsp;setupDac(Pin)
<LI><a href="#[47]">&gt;&gt;</a>&nbsp;&nbsp;&nbsp;setupAdc(Pin)
</UL>
<BR>[Called By]<UL><LI><a href="#[45]">&gt;&gt;</a>&nbsp;&nbsp;&nbsp;setup()
</UL>

<P><STRONG><a name="[35]"></a>main</STRONG> (Thumb, 16 bytes, Stack size 0 bytes, main.o(i.main))
<BR><BR>[Stack]<UL><LI>Max Depth = 120<LI>Call Chain = main &rArr; setup() &rArr; pinMode(Pin, PinMode) &rArr; setupAdc(Pin) &rArr; ADC_Init
</UL>
<BR>[Calls]<UL><LI><a href="#[3e]">&gt;&gt;</a>&nbsp;&nbsp;&nbsp;setupPorts()
<LI><a href="#[45]">&gt;&gt;</a>&nbsp;&nbsp;&nbsp;setup()
<LI><a href="#[44]">&gt;&gt;</a>&nbsp;&nbsp;&nbsp;loop()
</UL>
<BR>[Called By]<UL><LI><a href="#[34]">&gt;&gt;</a>&nbsp;&nbsp;&nbsp;__rt_entry_main
</UL>
<P>
<H3>
Local Symbols
</H3>
<P><STRONG><a name="[47]"></a>setupAdc(Pin)</STRONG> (Thumb, 132 bytes, Stack size 80 bytes, epio.o(i._Z8setupAdc3Pin))
<BR><BR>[Stack]<UL><LI>Max Depth = 88<LI>Call Chain = setupAdc(Pin) &rArr; ADC_Init
</UL>
<BR>[Calls]<UL><LI><a href="#[3f]">&gt;&gt;</a>&nbsp;&nbsp;&nbsp;RST_CLK_PCLKcmd
<LI><a href="#[4c]">&gt;&gt;</a>&nbsp;&nbsp;&nbsp;ADCx_StructInit
<LI><a href="#[4a]">&gt;&gt;</a>&nbsp;&nbsp;&nbsp;ADC_StructInit
<LI><a href="#[4b]">&gt;&gt;</a>&nbsp;&nbsp;&nbsp;ADC_Init
<LI><a href="#[49]">&gt;&gt;</a>&nbsp;&nbsp;&nbsp;ADC_DeInit
<LI><a href="#[4d]">&gt;&gt;</a>&nbsp;&nbsp;&nbsp;ADC1_Init
<LI><a href="#[4e]">&gt;&gt;</a>&nbsp;&nbsp;&nbsp;ADC1_Cmd
</UL>
<BR>[Called By]<UL><LI><a href="#[46]">&gt;&gt;</a>&nbsp;&nbsp;&nbsp;pinMode(Pin, PinMode)
</UL>

<P><STRONG><a name="[48]"></a>setupDac(Pin)</STRONG> (Thumb, 104 bytes, Stack size 8 bytes, epio.o(i._Z8setupDac3Pin))
<BR><BR>[Stack]<UL><LI>Max Depth = 8<LI>Call Chain = setupDac(Pin)
</UL>
<BR>[Calls]<UL><LI><a href="#[3f]">&gt;&gt;</a>&nbsp;&nbsp;&nbsp;RST_CLK_PCLKcmd
<LI><a href="#[4f]">&gt;&gt;</a>&nbsp;&nbsp;&nbsp;DAC_DeInit
<LI><a href="#[52]">&gt;&gt;</a>&nbsp;&nbsp;&nbsp;DAC2_Init
<LI><a href="#[53]">&gt;&gt;</a>&nbsp;&nbsp;&nbsp;DAC2_Cmd
<LI><a href="#[50]">&gt;&gt;</a>&nbsp;&nbsp;&nbsp;DAC1_Init
<LI><a href="#[51]">&gt;&gt;</a>&nbsp;&nbsp;&nbsp;DAC1_Cmd
</UL>
<BR>[Called By]<UL><LI><a href="#[46]">&gt;&gt;</a>&nbsp;&nbsp;&nbsp;pinMode(Pin, PinMode)
</UL>
<P>
<H3>
Undefined Global Symbols
</H3><HR></body></html>
